2026-09-15 00:32:45 | preview | write | paraveda_orders_v5 | t=1789432367974 | bytes=1909
2026-09-15 00:32:45 | preview | write | paraveda_worktimes_v1 | t=1789432367975 | bytes=460
2026-09-15 00:32:47 | preview | write | paraveda_orders_v5 | t=1789432369618 | bytes=1909
2026-09-15 00:34:30 | preview | write | paraveda_orders_v5 | t=1789432470440 | bytes=503
2026-09-15 00:34:30 | preview | reject | key=paraveda_reset_v1
2026-09-15 11:38:05 | preview | write | paraveda_orders_v5 | t=1789472285468 | bytes=1909
2026-09-15 11:38:08 | preview | write | paraveda_worktimes_v1 | t=1789472288401 | bytes=591
2026-09-15 11:39:09 | preview | write | paraveda_worktimes_v1 | t=1789472349882 | bytes=591
2026-09-15 11:50:23 | preview | write | tabs_list_v1 | t=1789473023549 | bytes=135
2026-09-15 11:50:23 | preview | write | paraveda_orders_v5 | t=1789473023551 | bytes=1909
2026-09-15 11:50:23 | preview | write | paraveda_worktimes_v1 | t=1789473023550 | bytes=744
2026-09-15 11:51:11 | preview | write | paraveda_worktimes_v1 | t=1789473071688 | bytes=744
2026-09-15 11:51:11 | preview | write | paraveda_orders_v5 | t=1789473071689 | bytes=1909
2026-09-15 11:51:23 | preview | write | paraveda_worktimes_v1 | t=1789473083562 | bytes=744
2026-09-15 11:52:12 | preview | write | paraveda_worktimes_v1 | t=1789473132892 | bytes=744
2026-09-15 11:52:24 | preview | write | paraveda_worktimes_v1 | t=1789473144892 | bytes=744
2026-09-15 11:53:12 | preview | write | paraveda_worktimes_v1 | t=1789473192882 | bytes=744
2026-09-15 11:53:24 | preview | write | paraveda_worktimes_v1 | t=1789473204888 | bytes=744
2026-09-15 11:54:17 | preview | write | paraveda_worktimes_v1 | t=1789473257890 | bytes=744
2026-09-15 11:54:24 | preview | write | paraveda_worktimes_v1 | t=1789473264890 | bytes=744
2026-09-15 12:57:55 | preview | write | paraveda_users_v1 | t=1789473475362 | bytes=186
2026-09-15 12:57:55 | preview | write | paraveda_users_v1 | t=1789473485362 | bytes=93
2026-09-15 13:01:40 | preview | write | paraveda_users_v1 | t=1789473700646 | bytes=209
2026-09-15 13:01:40 | preview | write | paraveda_users_v1 | t=1789477300702 | bytes=93
2026-09-15 13:01:40 | preview | write | paraveda_users_v1 | t=1789470100646 | bytes=93
2026-09-15 13:01:40 | preview | write | paraveda_users_v1 | t=1789477300646 | bytes=218
2026-09-15 13:01:40 | preview | write | paraveda_users_v1 | t=1789467300647 | bytes=289
2026-09-15 13:02:19 | preview | write | paraveda_users_v1 | t=1789477339109 | bytes=226
2026-09-15 13:02:58 | preview | write | paraveda_users_v1 | t=1789476778929 | bytes=333
2026-09-15 13:02:58 | preview | write | paraveda_users_v1 | t=1789476178929 | bytes=93
2026-09-15 13:02:58 | preview | write | paraveda_users_v1 | t=1789476078929 | bytes=157
2026-09-15 13:03:14 | preview | write | paraveda_users_v1 | t=1789476794226 | bytes=215
2026-09-15 13:04:05 | preview | write | paraveda_users_v1 | t=1789476845723 | bytes=333
2026-09-15 13:04:05 | preview | write | paraveda_users_v1 | t=1789476245723 | bytes=93
2026-09-15 13:04:05 | preview | write | paraveda_users_v1 | t=1789476145723 | bytes=157
2026-09-15 13:04:05 | preview | write | paraveda_users_v1 | t=1789477445818 | bytes=93
2026-09-15 13:04:05 | preview | write | paraveda_users_v1 | t=1789477445838 | bytes=342
2026-09-15 13:04:05 | preview | write | paraveda_users_v1 | t=1789467445724 | bytes=170
